// =============================================================================
// Scilab ( https://www.scilab.org/ ) - This file is part of Scilab
// Copyright (C) 2024 - Dassault Systèmes S.E. - Antoine ELIAS
//
// <-- CLI SHELL MODE -->
//
// <-- Non-regression test for bug 17198 -->
//
// <-- GitLab URL -->
// https://gitlab.com/scilab/scilab/-/issues/17198
//
// <-- Short Description -->
// Display of cell arrays with more than 2D
m=[];m(1,1,2,3,2) = 2024
 m = [1x1x2x3x2 double]
(:,:,1,1,1)
   0.
(:,:,2,1,1)
   0.
(:,:,1,2,1)
   0.
(:,:,2,2,1)
   0.
(:,:,1,3,1)
   0.
(:,:,2,3,1)
   0.
(:,:,1,1,2)
   0.
(:,:,2,1,2)
   0.
(:,:,1,2,2)
   0.
(:,:,2,2,2)
   0.
(:,:,1,3,2)
   0.
(:,:,2,3,2)
   2024.
