// =============================================================================
// Scilab ( http://www.scilab.org/ ) - This file is part of Scilab
// Copyright (C) 2025 - Dassault Systèmes S.E. - Cédric DELAMARRE
//
//  This file is distributed under the same license as the Scilab package.
// =============================================================================
//
// <-- CLI SHELL MODE -->
//
// <-- Non-regression test for issue 17504-->
//
// <-- GitLab URL -->
// https://gitlab.com/scilab/scilab/-/issues/17504
//
// <-- Short Description -->
// Hypermatrix display is wrong when number of lines is 100 or more
ones(100, 1, 2)
 ans = [100x1x2 double]
(:,:,1)
   1.
   1.
   1.
   1.
   1.
   1.
   1.
   1.
   1.
   1.
   1.
   1.
   1.
   1.
   1.
   1.
   1.
   1.
   1.
   1.
   1.
   1.
   1.
   1.
   1.
   1.
   1.
   1.
   1.
   1.
   1.
   1.
   1.
   1.
   1.
   1.
   1.
   1.
   1.
   1.
   1.
   1.
   1.
   1.
   1.
   1.
   1.
   1.
   1.
   1.
   1.
   1.
   1.
   1.
   1.
   1.
   1.
   1.
   1.
   1.
   1.
   1.
   1.
   1.
   1.
   1.
   1.
   1.
   1.
   1.
   1.
   1.
   1.
   1.
   1.
   1.
   1.
   1.
   1.
   1.
   1.
   1.
   1.
   1.
   1.
   1.
   1.
   1.
   1.
   1.
   1.
   1.
   1.
   1.
   1.
   1.
   1.
   1.
   1.
   1.
(:,:,2)
   1.
   1.
   1.
   1.
   1.
   1.
   1.
   1.
   1.
   1.
   1.
   1.
   1.
   1.
   1.
   1.
   1.
   1.
   1.
   1.
   1.
   1.
   1.
   1.
   1.
   1.
   1.
   1.
   1.
   1.
   1.
   1.
   1.
   1.
   1.
   1.
   1.
   1.
   1.
   1.
   1.
   1.
   1.
   1.
   1.
   1.
   1.
   1.
   1.
   1.
   1.
   1.
   1.
   1.
   1.
   1.
   1.
   1.
   1.
   1.
   1.
   1.
   1.
   1.
   1.
   1.
   1.
   1.
   1.
   1.
   1.
   1.
   1.
   1.
   1.
   1.
   1.
   1.
   1.
   1.
   1.
   1.
   1.
   1.
   1.
   1.
   1.
   1.
   1.
   1.
   1.
   1.
   1.
   1.
   1.
   1.
   1.
   1.
   1.
   1.
