// =============================================================================
// Scilab ( https://www.scilab.org/ ) - This file is part of Scilab
// Copyright (C) 2016 - Samuel GOUGEON
//
//  This file is distributed under the same license as the Scilab package.
// =============================================================================
// <-- CLI SHELL MODE -->
//
// <-- Non-regression test for bug 14513 -->
//
// <-- GitLab URL -->
// https://gitlab.com/scilab/scilab/-/issues/14513
//
// <-- Short Description -->
//  isequal() comparing two builtin functions yielded an error
s = sin;   assert_checktrue(isequal(s, sin));
s = grand; assert_checktrue(isequal(s, grand));
//assert_checkfalse(isequal(cos, sin)); // see https://gitlab.com/scilab/scilab/-/issues/14692
