// =============================================================================
// Scilab ( https://www.scilab.org/ ) - This file is part of Scilab
// Copyright (C) 2010 - DIGITEO - Pierre MARECHAL
//
//  This file is distributed under the same license as the Scilab package.
// =============================================================================
// <-- CLI SHELL MODE -->
// <-- Non-regression test for bug 7312 -->
//
// <-- GitLab URL -->
// https://gitlab.com/scilab/scilab/-/issues/7312
//
// <-- Short Description -->
// isnum is broken when using some unusual parameters.
if isnum("a=") then bugmes();quit;end
