// =============================================================================
// Scilab ( https://www.scilab.org/ ) - This file is part of Scilab
// Copyright (C) 2016 - Scilab Enterprises - Adeline CARNIS
//
//  This file is distributed under the same license as the Scilab package.
// =============================================================================
// <-- CLI SHELL MODE -->
// <-- Non-regression test for bug 13878 -->
//
// <-- GitLab URL -->
// https://gitlab.com/scilab/scilab/-/issues/13878
//
// <-- Short Description -->
//    tokens([]) returns [].
// =============================================================================
assert_checkequal(tokens([]), []);
assert_checkequal(tokens([], "a"), []);
