// =============================================================================
// Scilab ( https://www.scilab.org/ ) - This file is part of Scilab
// Copyright (C) 2023 - Dassault Systèmes S.E. - Bruno JOFRET
//
//  This file is distributed under the same license as the Scilab package.
// =============================================================================
// <-- CLI SHELL MODE -->
// 古池や　蛙飛び込む　水の音
disp("古池や　蛙飛び込む　水の音");
  "古池や　蛙飛び込む　水の音"
// Furuike ya/ Kawazu tobikomu/ Mizu no oto
disp("Furuike ya/ Kawazu tobikomu/ Mizu no oto");
  "Furuike ya/ Kawazu tobikomu/ Mizu no oto"
// The old pond
// A frog leaps in.
// Sound of the water.
disp("The old pond");
  "The old pond"
disp("A frog leaps in.");
  "A frog leaps in."
disp("Sound of the water.");
  "Sound of the water."
