// =============================================================================
// Scilab ( https://www.scilab.org/ ) - This file is part of Scilab
// Copyright (C) 2008 - INRIA - Vincent COUVERT
//
//  This file is distributed under the same license as the Scilab package.
// =============================================================================
//
// <-- Non-regression test for bug 3347 -->
//
// <-- GitLab URL -->
// https://gitlab.com/scilab/scilab/-/issues/3347
//
// <-- Short Description -->
//    Missing figure existency check in unsetmenu (and other menu functions).
delmenu(123456, "non existing figure")
setmenu(123456, "non existing figure")
unsetmenu(123456, "non existing figure")
setmenu(123456, "non existing figure", 102030)
unsetmenu(123456, "non existing figure", 102030)
