// =============================================================================
// Scilab ( https://www.scilab.org/ ) - This file is part of Scilab
// Copyright (C) 2013 - Scilab Enterprises - Vincent COUVERT
//
//  This file is distributed under the same license as the Scilab package.
// =============================================================================
//
// <-- Non-regression test for bug 12391 -->
// <-- TEST WITH GRAPHIC -->
//
// <-- GitLab URL -->
// https://gitlab.com/scilab/scilab/-/issues/12391
//
// <-- Short Description -->
// findobj could change current figure returned by gcf();
f = gcf(); // Figure #0
f.tag = "currentfigure";
g = scf(); // Figure #1
g.tag = "otherfigure";
scf(f);
findobj("tag", "otherfigure");
assert_checkequal(get(gcf(), "tag"), "currentfigure");
close(winsid())
scf(1); plot2d; scf(2); plot2d; scf(3); plot2d; scf(2);
curr = gcf().figure_id;
o = findobj("figure_id",3);
assert_checkequal(o.figure_id, 3);
assert_checkequal(gcf().figure_id, curr);
