// =============================================================================
// =============================================================================
// <-- CLI SHELL MODE -->
// =============================================================================
// <-- Non-regression test for bug 674 -->
//
// <-- Short Description -->
// csvDefault returns %f when used twice
// =============================================================================
assert_checkequal(csvDefault('eol', 'linux'), %t)
 ans = 
  T
assert_checkequal(csvDefault('eol', 'linux'), %t)
 ans = 
  T
assert_checkequal(csvDefault('eol', 'freestyle'), %f)
 ans = 
  T
// =============================================================================
