// =============================================================================
// Scilab ( https://www.scilab.org/ ) - This file is part of Scilab
// Copyright (C) 2014 - Scilab Enterprises - Paul Bignier
//
//  This file is distributed under the same license as the Scilab package.
// =============================================================================
// <-- CLI SHELL MODE -->
loadXcosLibs();
scicos_log("TRACE");
link = scicos_link(from=[2,1,0],to=[3,1,1]);
Xcos info:    objectCreated( 1 , LINK )
Xcos trace:   propertyUpdated( 1 , LINK , CONTROL_POINTS ) : NO_CHANGES
Xcos trace:   propertyUpdated( 1 , LINK , CONTROL_POINTS ) : NO_CHANGES
Xcos trace:   propertyUpdated( 1 , LINK , NAME ) : NO_CHANGES
Xcos trace:   propertyUpdated( 1 , LINK , THICK ) : NO_CHANGES
Xcos trace:   propertyUpdated( 1 , LINK , COLOR ) : NO_CHANGES
Xcos trace:   propertyUpdated( 1 , LINK , KIND ) : NO_CHANGES
subDiag = scicos_diagram( objs=list(link) );
Xcos info:    objectCreated( 2 , DIAGRAM )
Xcos trace:   objectReferenced( 2 , DIAGRAM ) : 1
Xcos trace:   propertyUpdated( 2 , DIAGRAM , NAME ) : NO_CHANGES
Xcos trace:   propertyUpdated( 2 , DIAGRAM , PATH ) : NO_CHANGES
Xcos trace:   propertyUpdated( 2 , DIAGRAM , PROPERTIES ) : NO_CHANGES
Xcos trace:   propertyUpdated( 2 , DIAGRAM , PROPERTIES ) : NO_CHANGES
Xcos trace:   propertyUpdated( 2 , DIAGRAM , DIAGRAM_CONTEXT ) : NO_CHANGES
Xcos trace:   objectUnreferenced( 2 , DIAGRAM ) : 0
Xcos info:    objectCreated( 3 , LINK )
Xcos info:    objectCloned( 1 , 3 , LINK )
Xcos trace:   propertyUpdated( 3 , LINK , COLOR ) : NO_CHANGES
Xcos trace:   propertyUpdated( 3 , LINK , KIND ) : NO_CHANGES
Xcos trace:   propertyUpdated( 3 , LINK , DESCRIPTION ) : NO_CHANGES
Xcos trace:   propertyUpdated( 3 , LINK , NAME ) : NO_CHANGES
Xcos trace:   propertyUpdated( 3 , LINK , STYLE ) : NO_CHANGES
Xcos trace:   propertyUpdated( 3 , LINK , UID ) : NO_CHANGES
Xcos trace:   propertyUpdated( 3 , LINK , CONTROL_POINTS ) : NO_CHANGES
Xcos trace:   propertyUpdated( 3 , LINK , THICK ) : NO_CHANGES
Xcos trace:   propertyUpdated( 3 , LINK , COLOR ) : NO_CHANGES
Xcos trace:   propertyUpdated( 3 , LINK , SSP_ANNOTATION ) : NO_CHANGES
Xcos trace:   propertyUpdated( 3 , LINK , PARENT_DIAGRAM ) : NO_CHANGES
Xcos trace:   propertyUpdated( 3 , LINK , PARENT_BLOCK ) : NO_CHANGES
Xcos trace:   propertyUpdated( 3 , LINK , SOURCE_PORT ) : NO_CHANGES
Xcos trace:   propertyUpdated( 3 , LINK , DESTINATION_PORT ) : NO_CHANGES
Xcos trace:   propertyUpdated( 3 , LINK , LABEL ) : NO_CHANGES
Xcos trace:   objectReferenced( 3 , LINK ) : 1
Xcos debug:   propertyUpdated( 3 , LINK , PARENT_DIAGRAM ) : SUCCESS
Xcos trace:   propertyUpdated( 3 , LINK , PARENT_BLOCK ) : NO_CHANGES
Xcos trace:   propertyUpdated( 3 , LINK , SOURCE_PORT ) : NO_CHANGES
Xcos trace:   propertyUpdated( 3 , LINK , DESTINATION_PORT ) : NO_CHANGES
Xcos debug:   propertyUpdated( 2 , DIAGRAM , CHILDREN ) : SUCCESS
Xcos trace:   objectUnreferenced( 3 , LINK ) : 0
Xcos trace:   propertyUpdated( 2 , DIAGRAM , VERSION_NUMBER ) : NO_CHANGES
Super1 = scicos_block(,..
model=scicos_model(sim="super",in=[],in2=[],intyp=1,out=[],out2=[],outtyp=[],evtin=[],evtout=[],state=[],dstate=[],odstate=list(),..
rpar=subDiag,..
ipar=[],opar=list(),blocktype="h",firing=[],dep_ut=[%f,%f],label="Quat_Conj",nzcross=0,nmode=0,equations=list())..
);
Xcos info:    objectCreated( 4 , BLOCK )
Xcos trace:   objectReferenced( 4 , BLOCK ) : 1
Xcos trace:   propertyUpdated( 4 , BLOCK , GEOMETRY ) : NO_CHANGES
Xcos trace:   propertyUpdated( 4 , BLOCK , GEOMETRY ) : NO_CHANGES
Xcos trace:   propertyUpdated( 4 , BLOCK , EXPRS ) : NO_CHANGES
Xcos trace:   propertyUpdated( 4 , BLOCK , INPUTS ) : NO_CHANGES
Xcos trace:   propertyUpdated( 4 , BLOCK , OUTPUTS ) : NO_CHANGES
Xcos trace:   propertyUpdated( 4 , BLOCK , EVENT_INPUTS ) : NO_CHANGES
Xcos trace:   propertyUpdated( 4 , BLOCK , EVENT_OUTPUTS ) : NO_CHANGES
Xcos trace:   propertyUpdated( 4 , BLOCK , DESCRIPTION ) : NO_CHANGES
Xcos trace:   propertyUpdated( 4 , BLOCK , STYLE ) : NO_CHANGES
Xcos trace:   objectUnreferenced( 4 , BLOCK ) : 0
Xcos trace:   objectReferenced( 4 , BLOCK ) : 1
Xcos debug:   propertyUpdated( 4 , BLOCK , SIM_FUNCTION_NAME ) : SUCCESS
Xcos trace:   propertyUpdated( 4 , BLOCK , SIM_FUNCTION_API ) : NO_CHANGES
Xcos trace:   propertyUpdated( 4 , BLOCK , STATE ) : NO_CHANGES
Xcos trace:   propertyUpdated( 4 , BLOCK , DSTATE ) : NO_CHANGES
Xcos trace:   propertyUpdated( 4 , BLOCK , ODSTATE ) : NO_CHANGES
Xcos trace:   objectReferenced( 4 , BLOCK ) : 2
Xcos trace:   objectReferenced( 3 , LINK ) : 1
Xcos info:    objectCreated( 5 , LINK )
Xcos info:    objectCloned( 3 , 5 , LINK )
Xcos trace:   propertyUpdated( 5 , LINK , COLOR ) : NO_CHANGES
Xcos trace:   propertyUpdated( 5 , LINK , KIND ) : NO_CHANGES
Xcos trace:   propertyUpdated( 5 , LINK , DESCRIPTION ) : NO_CHANGES
Xcos trace:   propertyUpdated( 5 , LINK , NAME ) : NO_CHANGES
Xcos trace:   propertyUpdated( 5 , LINK , STYLE ) : NO_CHANGES
Xcos trace:   propertyUpdated( 5 , LINK , UID ) : NO_CHANGES
Xcos trace:   propertyUpdated( 5 , LINK , CONTROL_POINTS ) : NO_CHANGES
Xcos trace:   propertyUpdated( 5 , LINK , THICK ) : NO_CHANGES
Xcos trace:   propertyUpdated( 5 , LINK , COLOR ) : NO_CHANGES
Xcos trace:   propertyUpdated( 5 , LINK , SSP_ANNOTATION ) : NO_CHANGES
Xcos trace:   propertyUpdated( 5 , LINK , PARENT_DIAGRAM ) : NO_CHANGES
Xcos trace:   propertyUpdated( 5 , LINK , PARENT_BLOCK ) : NO_CHANGES
Xcos trace:   propertyUpdated( 5 , LINK , SOURCE_PORT ) : NO_CHANGES
Xcos trace:   propertyUpdated( 5 , LINK , DESTINATION_PORT ) : NO_CHANGES
Xcos trace:   propertyUpdated( 5 , LINK , LABEL ) : NO_CHANGES
Xcos trace:   objectReferenced( 5 , LINK ) : 1
Xcos trace:   propertyUpdated( 5 , LINK , PARENT_DIAGRAM ) : NO_CHANGES
Xcos debug:   propertyUpdated( 5 , LINK , PARENT_BLOCK ) : SUCCESS
Xcos trace:   propertyUpdated( 5 , LINK , SOURCE_PORT ) : NO_CHANGES
Xcos trace:   propertyUpdated( 5 , LINK , DESTINATION_PORT ) : NO_CHANGES
Xcos debug:   propertyUpdated( 4 , BLOCK , CHILDREN ) : SUCCESS
Xcos trace:   objectUnreferenced( 5 , LINK ) : 0
Xcos trace:   objectUnreferenced( 3 , LINK ) : 0
Xcos trace:   objectReferenced( 2 , DIAGRAM ) : 1
Xcos trace:   objectUnreferenced( 2 , DIAGRAM ) : 0
Xcos trace:   objectReferenced( 4 , BLOCK ) : 3
Xcos debug:   propertyUpdated( 4 , BLOCK , NAME ) : SUCCESS
Xcos trace:   propertyUpdated( 4 , BLOCK , DIAGRAM_CONTEXT ) : NO_CHANGES
Xcos trace:   objectUnreferenced( 4 , BLOCK ) : 2
Xcos info:    Ignored "version" field for block 4.
Xcos trace:   objectUnreferenced( 4 , BLOCK ) : 1
Xcos trace:   propertyUpdated( 4 , BLOCK , IPAR ) : NO_CHANGES
Xcos trace:   propertyUpdated( 4 , BLOCK , OPAR ) : NO_CHANGES
Xcos debug:   propertyUpdated( 4 , BLOCK , SIM_BLOCKTYPE ) : SUCCESS
Xcos trace:   propertyUpdated( 4 , BLOCK , SIM_DEP_UT ) : NO_CHANGES
Xcos debug:   propertyUpdated( 4 , BLOCK , NAME ) : SUCCESS
Xcos trace:   propertyUpdated( 4 , BLOCK , NZCROSS ) : NO_CHANGES
Xcos trace:   propertyUpdated( 4 , BLOCK , NMODE ) : NO_CHANGES
Xcos trace:   propertyUpdated( 4 , BLOCK , EQUATIONS ) : NO_CHANGES
Xcos trace:   propertyUpdated( 4 , BLOCK , UID ) : NO_CHANGES
Xcos trace:   objectUnreferenced( 4 , BLOCK ) : 0
Xcos trace:   propertyUpdated( 4 , BLOCK , INTERFACE_FUNCTION ) : NO_CHANGES
diag = scicos_diagram();
Xcos info:    objectCreated( 6 , DIAGRAM )
Xcos trace:   objectReferenced( 6 , DIAGRAM ) : 1
Xcos trace:   propertyUpdated( 6 , DIAGRAM , NAME ) : NO_CHANGES
Xcos trace:   propertyUpdated( 6 , DIAGRAM , PATH ) : NO_CHANGES
Xcos trace:   propertyUpdated( 6 , DIAGRAM , PROPERTIES ) : NO_CHANGES
Xcos trace:   propertyUpdated( 6 , DIAGRAM , PROPERTIES ) : NO_CHANGES
Xcos trace:   propertyUpdated( 6 , DIAGRAM , DIAGRAM_CONTEXT ) : NO_CHANGES
Xcos trace:   objectUnreferenced( 6 , DIAGRAM ) : 0
Xcos trace:   propertyUpdated( 6 , DIAGRAM , CHILDREN ) : NO_CHANGES
Xcos trace:   propertyUpdated( 6 , DIAGRAM , VERSION_NUMBER ) : NO_CHANGES
diag.objs(1) = Super1;
Xcos info:    objectCreated( 7 , BLOCK )
Xcos info:    objectCloned( 4 , 7 , BLOCK )
Xcos trace:   propertyUpdated( 7 , BLOCK , DEBUG_LEVEL ) : NO_CHANGES
Xcos trace:   propertyUpdated( 7 , BLOCK , SIM_FUNCTION_API ) : NO_CHANGES
Xcos trace:   propertyUpdated( 7 , BLOCK , DESCRIPTION ) : NO_CHANGES
Xcos trace:   propertyUpdated( 7 , BLOCK , INTERFACE_FUNCTION ) : NO_CHANGES
Xcos debug:   propertyUpdated( 7 , BLOCK , NAME ) : SUCCESS
Xcos debug:   propertyUpdated( 7 , BLOCK , SIM_BLOCKTYPE ) : SUCCESS
Xcos debug:   propertyUpdated( 7 , BLOCK , SIM_FUNCTION_NAME ) : SUCCESS
Xcos trace:   propertyUpdated( 7 , BLOCK , STYLE ) : NO_CHANGES
Xcos trace:   propertyUpdated( 7 , BLOCK , UID ) : NO_CHANGES
Xcos trace:   propertyUpdated( 7 , BLOCK , DSTATE ) : NO_CHANGES
Xcos trace:   propertyUpdated( 7 , BLOCK , EQUATIONS ) : NO_CHANGES
Xcos trace:   propertyUpdated( 7 , BLOCK , EXPRS ) : NO_CHANGES
Xcos trace:   propertyUpdated( 7 , BLOCK , GEOMETRY ) : NO_CHANGES
Xcos trace:   propertyUpdated( 7 , BLOCK , ODSTATE ) : NO_CHANGES
Xcos trace:   propertyUpdated( 7 , BLOCK , OPAR ) : NO_CHANGES
Xcos trace:   propertyUpdated( 7 , BLOCK , PROPERTIES ) : NO_CHANGES
Xcos trace:   propertyUpdated( 7 , BLOCK , RPAR ) : NO_CHANGES
Xcos trace:   propertyUpdated( 7 , BLOCK , STATE ) : NO_CHANGES
Xcos trace:   propertyUpdated( 7 , BLOCK , COLOR ) : NO_CHANGES
Xcos trace:   propertyUpdated( 7 , BLOCK , IPAR ) : NO_CHANGES
Xcos trace:   propertyUpdated( 7 , BLOCK , NMODE ) : NO_CHANGES
Xcos trace:   propertyUpdated( 7 , BLOCK , NZCROSS ) : NO_CHANGES
Xcos trace:   propertyUpdated( 7 , BLOCK , SIM_DEP_UT ) : NO_CHANGES
Xcos trace:   propertyUpdated( 7 , BLOCK , DIAGRAM_CONTEXT ) : NO_CHANGES
Xcos debug:   propertyUpdated( 7 , BLOCK , EXPRS ) : FAIL
Xcos trace:   propertyUpdated( 7 , BLOCK , PARAMETER_DESCRIPTION ) : NO_CHANGES
Xcos trace:   propertyUpdated( 7 , BLOCK , PARAMETER_ENCODING ) : NO_CHANGES
Xcos trace:   propertyUpdated( 7 , BLOCK , PARAMETER_NAME ) : NO_CHANGES
Xcos trace:   propertyUpdated( 7 , BLOCK , PARAMETER_TYPE ) : NO_CHANGES
Xcos trace:   propertyUpdated( 7 , BLOCK , PARAMETER_UNIT ) : NO_CHANGES
Xcos trace:   propertyUpdated( 7 , BLOCK , PARAMETER_VALUE ) : NO_CHANGES
Xcos trace:   propertyUpdated( 7 , BLOCK , SSP_ANNOTATION ) : NO_CHANGES
Xcos trace:   propertyUpdated( 7 , BLOCK , PARENT_DIAGRAM ) : NO_CHANGES
Xcos trace:   propertyUpdated( 7 , BLOCK , INPUTS ) : NO_CHANGES
Xcos trace:   propertyUpdated( 7 , BLOCK , OUTPUTS ) : NO_CHANGES
Xcos trace:   propertyUpdated( 7 , BLOCK , EVENT_INPUTS ) : NO_CHANGES
Xcos trace:   propertyUpdated( 7 , BLOCK , EVENT_OUTPUTS ) : NO_CHANGES
Xcos trace:   propertyUpdated( 7 , BLOCK , PARENT_BLOCK ) : NO_CHANGES
Xcos info:    objectCreated( 8 , LINK )
Xcos info:    objectCloned( 5 , 8 , LINK )
Xcos trace:   propertyUpdated( 8 , LINK , COLOR ) : NO_CHANGES
Xcos trace:   propertyUpdated( 8 , LINK , KIND ) : NO_CHANGES
Xcos trace:   propertyUpdated( 8 , LINK , DESCRIPTION ) : NO_CHANGES
Xcos trace:   propertyUpdated( 8 , LINK , NAME ) : NO_CHANGES
Xcos trace:   propertyUpdated( 8 , LINK , STYLE ) : NO_CHANGES
Xcos trace:   propertyUpdated( 8 , LINK , UID ) : NO_CHANGES
Xcos trace:   propertyUpdated( 8 , LINK , CONTROL_POINTS ) : NO_CHANGES
Xcos trace:   propertyUpdated( 8 , LINK , THICK ) : NO_CHANGES
Xcos trace:   propertyUpdated( 8 , LINK , COLOR ) : NO_CHANGES
Xcos trace:   propertyUpdated( 8 , LINK , SSP_ANNOTATION ) : NO_CHANGES
Xcos trace:   propertyUpdated( 8 , LINK , PARENT_DIAGRAM ) : NO_CHANGES
Xcos debug:   propertyUpdated( 8 , LINK , PARENT_BLOCK ) : SUCCESS
Xcos trace:   propertyUpdated( 8 , LINK , SOURCE_PORT ) : NO_CHANGES
Xcos trace:   propertyUpdated( 8 , LINK , DESTINATION_PORT ) : NO_CHANGES
Xcos trace:   propertyUpdated( 8 , LINK , LABEL ) : NO_CHANGES
Xcos trace:   propertyUpdated( 8 , LINK , SOURCE_PORT ) : NO_CHANGES
Xcos trace:   propertyUpdated( 8 , LINK , DESTINATION_PORT ) : NO_CHANGES
Xcos debug:   propertyUpdated( 7 , BLOCK , CHILDREN ) : SUCCESS
Xcos trace:   propertyUpdated( 7 , BLOCK , LABEL ) : NO_CHANGES
Xcos trace:   objectReferenced( 7 , BLOCK ) : 1
Xcos debug:   propertyUpdated( 7 , BLOCK , PARENT_DIAGRAM ) : SUCCESS
Xcos trace:   propertyUpdated( 7 , BLOCK , PARENT_BLOCK ) : NO_CHANGES
Xcos debug:   propertyUpdated( 6 , DIAGRAM , CHILDREN ) : SUCCESS
Xcos trace:   objectUnreferenced( 7 , BLOCK ) : 0
diag.objs(1)
Xcos trace:   objectReferenced( 7 , BLOCK ) : 1
 ans = (Block) with fields:
Xcos trace:   objectReferenced( 7 , BLOCK ) : 2
Xcos trace:   objectUnreferenced( 7 , BLOCK ) : 1
Xcos trace:   objectReferenced( 7 , BLOCK ) : 2
Xcos trace:   objectReferenced( 7 , BLOCK ) : 3
Xcos trace:   objectUnreferenced( 7 , BLOCK ) : 2
Xcos trace:   objectUnreferenced( 7 , BLOCK ) : 1
  graphics: (graphics mlist) with fields:
      orig = [0,0]
      sz = [20,20]
      exprs = []
      pin = []
      pout = []
      pein = []
      peout = []
      gr_i = []
      id = ""
      in_implicit = []
      out_implicit = []
      in_style = ""
      out_style = ""
      in_label = ""
      out_label = ""
      style = ""
  model: (model mlist) with fields:
      sim = "super"
      in = []
      in2 = []
      intyp = 1
      out = []
      out2 = []
      outtyp = 1
      evtin = []
      evtout = []
      state = []
      dstate = []
      odstate: (empty list)
      rpar: (diagram)
      ipar = []
      opar: (empty list)
      blocktype = "h"
      firing = []
      dep_ut = [%f,%f]
      label = "Quat_Conj"
      nzcross = 0
      nmode = 0
      equations: (empty list)
      uid = ""
  gui = ""
  doc: (empty list)
diag.objs(1).model
Xcos trace:   objectReferenced( 7 , BLOCK ) : 2
Xcos trace:   objectReferenced( 7 , BLOCK ) : 3
Xcos trace:   objectReferenced( 7 , BLOCK ) : 4
Xcos trace:   objectUnreferenced( 7 , BLOCK ) : 3
Xcos trace:   objectUnreferenced( 7 , BLOCK ) : 2
Xcos trace:   objectUnreferenced( 7 , BLOCK ) : 1
 ans = (model mlist) with fields:
  sim = "super"
  in = []
  in2 = []
  intyp = 1
  out = []
  out2 = []
  outtyp = 1
  evtin = []
  evtout = []
  state = []
  dstate = []
  odstate: (empty list)
  rpar: (diagram)
  ipar = []
  opar: (empty list)
  blocktype = "h"
  firing = []
  dep_ut = [%f,%f]
  label = "Quat_Conj"
  nzcross = 0
  nmode = 0
  equations: (empty list)
  uid = ""
diag.objs(1).model.rpar.objs(1)
Xcos trace:   objectReferenced( 7 , BLOCK ) : 2
Xcos trace:   objectReferenced( 7 , BLOCK ) : 3
Xcos trace:   objectReferenced( 7 , BLOCK ) : 4
Xcos trace:   objectUnreferenced( 7 , BLOCK ) : 3
Xcos trace:   objectUnreferenced( 7 , BLOCK ) : 2
Xcos trace:   objectReferenced( 8 , LINK ) : 1
Xcos trace:   objectUnreferenced( 7 , BLOCK ) : 1
Xcos trace:   objectUnreferenced( 7 , BLOCK ) : 0
 ans = (Link) with fields:
  xx = []
  yy = []
  id = ""
  thick = [0,0]
  ct = [1,1]
  from = [2,1,0]
  to = [3,1,1]
Super2 = scicos_block(,..
model=scicos_model(sim="super",in=[],in2=[],intyp=1,out=[],out2=[],outtyp=[],evtin=[],evtout=[],state=[],dstate=[],odstate=list(),..
rpar=diag,..
ipar=[],opar=list(),blocktype="h",firing=[],dep_ut=[%f,%f],label="Quat_Conj",nzcross=0,nmode=0,equations=list())..
);
Xcos info:    objectCreated( 9 , BLOCK )
Xcos trace:   objectReferenced( 9 , BLOCK ) : 1
Xcos trace:   propertyUpdated( 9 , BLOCK , GEOMETRY ) : NO_CHANGES
Xcos trace:   propertyUpdated( 9 , BLOCK , GEOMETRY ) : NO_CHANGES
Xcos trace:   propertyUpdated( 9 , BLOCK , EXPRS ) : NO_CHANGES
Xcos trace:   propertyUpdated( 9 , BLOCK , INPUTS ) : NO_CHANGES
Xcos trace:   propertyUpdated( 9 , BLOCK , OUTPUTS ) : NO_CHANGES
Xcos trace:   propertyUpdated( 9 , BLOCK , EVENT_INPUTS ) : NO_CHANGES
Xcos trace:   propertyUpdated( 9 , BLOCK , EVENT_OUTPUTS ) : NO_CHANGES
Xcos trace:   propertyUpdated( 9 , BLOCK , DESCRIPTION ) : NO_CHANGES
Xcos trace:   propertyUpdated( 9 , BLOCK , STYLE ) : NO_CHANGES
Xcos trace:   objectUnreferenced( 9 , BLOCK ) : 0
Xcos trace:   objectReferenced( 9 , BLOCK ) : 1
Xcos debug:   propertyUpdated( 9 , BLOCK , SIM_FUNCTION_NAME ) : SUCCESS
Xcos trace:   propertyUpdated( 9 , BLOCK , SIM_FUNCTION_API ) : NO_CHANGES
Xcos trace:   propertyUpdated( 9 , BLOCK , STATE ) : NO_CHANGES
Xcos trace:   propertyUpdated( 9 , BLOCK , DSTATE ) : NO_CHANGES
Xcos trace:   propertyUpdated( 9 , BLOCK , ODSTATE ) : NO_CHANGES
Xcos trace:   objectReferenced( 9 , BLOCK ) : 2
Xcos trace:   objectReferenced( 7 , BLOCK ) : 1
Xcos info:    objectCreated( 10 , BLOCK )
Xcos info:    objectCloned( 7 , 10 , BLOCK )
Xcos trace:   propertyUpdated( 10 , BLOCK , DEBUG_LEVEL ) : NO_CHANGES
Xcos trace:   propertyUpdated( 10 , BLOCK , SIM_FUNCTION_API ) : NO_CHANGES
Xcos trace:   propertyUpdated( 10 , BLOCK , DESCRIPTION ) : NO_CHANGES
Xcos trace:   propertyUpdated( 10 , BLOCK , INTERFACE_FUNCTION ) : NO_CHANGES
Xcos debug:   propertyUpdated( 10 , BLOCK , NAME ) : SUCCESS
Xcos debug:   propertyUpdated( 10 , BLOCK , SIM_BLOCKTYPE ) : SUCCESS
Xcos debug:   propertyUpdated( 10 , BLOCK , SIM_FUNCTION_NAME ) : SUCCESS
Xcos trace:   propertyUpdated( 10 , BLOCK , STYLE ) : NO_CHANGES
Xcos trace:   propertyUpdated( 10 , BLOCK , UID ) : NO_CHANGES
Xcos trace:   propertyUpdated( 10 , BLOCK , DSTATE ) : NO_CHANGES
Xcos trace:   propertyUpdated( 10 , BLOCK , EQUATIONS ) : NO_CHANGES
Xcos trace:   propertyUpdated( 10 , BLOCK , EXPRS ) : NO_CHANGES
Xcos trace:   propertyUpdated( 10 , BLOCK , GEOMETRY ) : NO_CHANGES
Xcos trace:   propertyUpdated( 10 , BLOCK , ODSTATE ) : NO_CHANGES
Xcos trace:   propertyUpdated( 10 , BLOCK , OPAR ) : NO_CHANGES
Xcos trace:   propertyUpdated( 10 , BLOCK , PROPERTIES ) : NO_CHANGES
Xcos trace:   propertyUpdated( 10 , BLOCK , RPAR ) : NO_CHANGES
Xcos trace:   propertyUpdated( 10 , BLOCK , STATE ) : NO_CHANGES
Xcos trace:   propertyUpdated( 10 , BLOCK , COLOR ) : NO_CHANGES
Xcos trace:   propertyUpdated( 10 , BLOCK , IPAR ) : NO_CHANGES
Xcos trace:   propertyUpdated( 10 , BLOCK , NMODE ) : NO_CHANGES
Xcos trace:   propertyUpdated( 10 , BLOCK , NZCROSS ) : NO_CHANGES
Xcos trace:   propertyUpdated( 10 , BLOCK , SIM_DEP_UT ) : NO_CHANGES
Xcos trace:   propertyUpdated( 10 , BLOCK , DIAGRAM_CONTEXT ) : NO_CHANGES
Xcos debug:   propertyUpdated( 10 , BLOCK , EXPRS ) : FAIL
Xcos trace:   propertyUpdated( 10 , BLOCK , PARAMETER_DESCRIPTION ) : NO_CHANGES
Xcos trace:   propertyUpdated( 10 , BLOCK , PARAMETER_ENCODING ) : NO_CHANGES
Xcos trace:   propertyUpdated( 10 , BLOCK , PARAMETER_NAME ) : NO_CHANGES
Xcos trace:   propertyUpdated( 10 , BLOCK , PARAMETER_TYPE ) : NO_CHANGES
Xcos trace:   propertyUpdated( 10 , BLOCK , PARAMETER_UNIT ) : NO_CHANGES
Xcos trace:   propertyUpdated( 10 , BLOCK , PARAMETER_VALUE ) : NO_CHANGES
Xcos trace:   propertyUpdated( 10 , BLOCK , SSP_ANNOTATION ) : NO_CHANGES
Xcos trace:   propertyUpdated( 10 , BLOCK , PARENT_DIAGRAM ) : NO_CHANGES
Xcos trace:   propertyUpdated( 10 , BLOCK , INPUTS ) : NO_CHANGES
Xcos trace:   propertyUpdated( 10 , BLOCK , OUTPUTS ) : NO_CHANGES
Xcos trace:   propertyUpdated( 10 , BLOCK , EVENT_INPUTS ) : NO_CHANGES
Xcos trace:   propertyUpdated( 10 , BLOCK , EVENT_OUTPUTS ) : NO_CHANGES
Xcos trace:   propertyUpdated( 10 , BLOCK , PARENT_BLOCK ) : NO_CHANGES
Xcos info:    objectCreated( 11 , LINK )
Xcos info:    objectCloned( 8 , 11 , LINK )
Xcos trace:   propertyUpdated( 11 , LINK , COLOR ) : NO_CHANGES
Xcos trace:   propertyUpdated( 11 , LINK , KIND ) : NO_CHANGES
Xcos trace:   propertyUpdated( 11 , LINK , DESCRIPTION ) : NO_CHANGES
Xcos trace:   propertyUpdated( 11 , LINK , NAME ) : NO_CHANGES
Xcos trace:   propertyUpdated( 11 , LINK , STYLE ) : NO_CHANGES
Xcos trace:   propertyUpdated( 11 , LINK , UID ) : NO_CHANGES
Xcos trace:   propertyUpdated( 11 , LINK , CONTROL_POINTS ) : NO_CHANGES
Xcos trace:   propertyUpdated( 11 , LINK , THICK ) : NO_CHANGES
Xcos trace:   propertyUpdated( 11 , LINK , COLOR ) : NO_CHANGES
Xcos trace:   propertyUpdated( 11 , LINK , SSP_ANNOTATION ) : NO_CHANGES
Xcos trace:   propertyUpdated( 11 , LINK , PARENT_DIAGRAM ) : NO_CHANGES
Xcos debug:   propertyUpdated( 11 , LINK , PARENT_BLOCK ) : SUCCESS
Xcos trace:   propertyUpdated( 11 , LINK , SOURCE_PORT ) : NO_CHANGES
Xcos trace:   propertyUpdated( 11 , LINK , DESTINATION_PORT ) : NO_CHANGES
Xcos trace:   propertyUpdated( 11 , LINK , LABEL ) : NO_CHANGES
Xcos trace:   propertyUpdated( 11 , LINK , SOURCE_PORT ) : NO_CHANGES
Xcos trace:   propertyUpdated( 11 , LINK , DESTINATION_PORT ) : NO_CHANGES
Xcos debug:   propertyUpdated( 10 , BLOCK , CHILDREN ) : SUCCESS
Xcos trace:   propertyUpdated( 10 , BLOCK , LABEL ) : NO_CHANGES
Xcos trace:   objectReferenced( 10 , BLOCK ) : 1
Xcos trace:   propertyUpdated( 10 , BLOCK , PARENT_DIAGRAM ) : NO_CHANGES
Xcos debug:   propertyUpdated( 10 , BLOCK , PARENT_BLOCK ) : SUCCESS
Xcos debug:   propertyUpdated( 9 , BLOCK , CHILDREN ) : SUCCESS
Xcos trace:   objectUnreferenced( 10 , BLOCK ) : 0
Xcos trace:   objectUnreferenced( 7 , BLOCK ) : 0
Xcos trace:   objectReferenced( 6 , DIAGRAM ) : 1
Xcos trace:   objectUnreferenced( 6 , DIAGRAM ) : 0
Xcos trace:   objectReferenced( 9 , BLOCK ) : 3
Xcos debug:   propertyUpdated( 9 , BLOCK , NAME ) : SUCCESS
Xcos trace:   propertyUpdated( 9 , BLOCK , DIAGRAM_CONTEXT ) : NO_CHANGES
Xcos trace:   objectUnreferenced( 9 , BLOCK ) : 2
Xcos info:    Ignored "version" field for block 9.
Xcos trace:   objectUnreferenced( 9 , BLOCK ) : 1
Xcos trace:   propertyUpdated( 9 , BLOCK , IPAR ) : NO_CHANGES
Xcos trace:   propertyUpdated( 9 , BLOCK , OPAR ) : NO_CHANGES
Xcos debug:   propertyUpdated( 9 , BLOCK , SIM_BLOCKTYPE ) : SUCCESS
Xcos trace:   propertyUpdated( 9 , BLOCK , SIM_DEP_UT ) : NO_CHANGES
Xcos debug:   propertyUpdated( 9 , BLOCK , NAME ) : SUCCESS
Xcos trace:   propertyUpdated( 9 , BLOCK , NZCROSS ) : NO_CHANGES
Xcos trace:   propertyUpdated( 9 , BLOCK , NMODE ) : NO_CHANGES
Xcos trace:   propertyUpdated( 9 , BLOCK , EQUATIONS ) : NO_CHANGES
Xcos trace:   propertyUpdated( 9 , BLOCK , UID ) : NO_CHANGES
Xcos trace:   objectUnreferenced( 9 , BLOCK ) : 0
Xcos trace:   propertyUpdated( 9 , BLOCK , INTERFACE_FUNCTION ) : NO_CHANGES
Super2.model
Xcos trace:   objectReferenced( 9 , BLOCK ) : 1
Xcos trace:   objectReferenced( 9 , BLOCK ) : 2
Xcos trace:   objectUnreferenced( 9 , BLOCK ) : 1
Xcos trace:   objectUnreferenced( 8 , LINK ) : 0
 ans = (model mlist) with fields:
  sim = "super"
  in = []
  in2 = []
  intyp = 1
  out = []
  out2 = []
  outtyp = 1
  evtin = []
  evtout = []
  state = []
  dstate = []
  odstate: (empty list)
  rpar: (diagram)
  ipar = []
  opar: (empty list)
  blocktype = "h"
  firing = []
  dep_ut = [%f,%f]
  label = "Quat_Conj"
  nzcross = 0
  nmode = 0
  equations: (empty list)
  uid = ""
Super2.model.rpar
Xcos trace:   objectReferenced( 9 , BLOCK ) : 2
Xcos trace:   objectReferenced( 9 , BLOCK ) : 3
Xcos trace:   objectUnreferenced( 9 , BLOCK ) : 2
Xcos trace:   objectUnreferenced( 9 , BLOCK ) : 1
 ans = (diagram) with fields:
Xcos trace:   objectReferenced( 9 , BLOCK ) : 2
Xcos trace:   objectUnreferenced( 9 , BLOCK ) : 1
Xcos trace:   objectReferenced( 10 , BLOCK ) : 1
Xcos trace:   objectUnreferenced( 10 , BLOCK ) : 0
  props: (params tlist) with fields:
      wpar = [600,450,0,0,600,450]
      title = ["Quat_Conj";""]
      tol = []
      tf = []
      context = []
      void1 = []
      options: (scsopt tlist) with fields:
          3D: (2-elements list)
          Background = [8,1]
          Link = [1,5]
          ID: (2-elements list)
          Cmap = [0.8,0.8,0.8]
      void2 = []
      void3 = []
      doc: (empty list)
  objs: (1-element list)
      (1): ( Block)
  version = ""
  contrib: (empty list)
Super2.model.rpar.objs(1)
Xcos trace:   objectReferenced( 9 , BLOCK ) : 2
Xcos trace:   objectReferenced( 9 , BLOCK ) : 3
Xcos trace:   objectUnreferenced( 9 , BLOCK ) : 2
Xcos trace:   objectReferenced( 10 , BLOCK ) : 1
Xcos trace:   objectUnreferenced( 9 , BLOCK ) : 1
Xcos trace:   objectUnreferenced( 9 , BLOCK ) : 0
 ans = (Block) with fields:
Xcos trace:   objectReferenced( 10 , BLOCK ) : 2
Xcos trace:   objectUnreferenced( 10 , BLOCK ) : 1
Xcos trace:   objectReferenced( 10 , BLOCK ) : 2
Xcos trace:   objectReferenced( 10 , BLOCK ) : 3
Xcos trace:   objectUnreferenced( 10 , BLOCK ) : 2
Xcos trace:   objectUnreferenced( 10 , BLOCK ) : 1
  graphics: (graphics mlist) with fields:
      orig = [0,0]
      sz = [20,20]
      exprs = []
      pin = []
      pout = []
      pein = []
      peout = []
      gr_i = []
      id = ""
      in_implicit = []
      out_implicit = []
      in_style = ""
      out_style = ""
      in_label = ""
      out_label = ""
      style = ""
  model: (model mlist) with fields:
      sim = "super"
      in = []
      in2 = []
      intyp = 1
      out = []
      out2 = []
      outtyp = 1
      evtin = []
      evtout = []
      state = []
      dstate = []
      odstate: (empty list)
      rpar: (diagram)
      ipar = []
      opar: (empty list)
      blocktype = "h"
      firing = []
      dep_ut = [%f,%f]
      label = "Quat_Conj"
      nzcross = 0
      nmode = 0
      equations: (empty list)
      uid = ""
  gui = ""
  doc: (empty list)
Super2.model.rpar.objs(1).model
Xcos trace:   objectReferenced( 9 , BLOCK ) : 1
Xcos trace:   objectReferenced( 9 , BLOCK ) : 2
Xcos trace:   objectUnreferenced( 9 , BLOCK ) : 1
Xcos trace:   objectReferenced( 10 , BLOCK ) : 2
Xcos trace:   objectUnreferenced( 9 , BLOCK ) : 0
Xcos trace:   objectReferenced( 10 , BLOCK ) : 3
Xcos trace:   objectReferenced( 10 , BLOCK ) : 4
Xcos trace:   objectUnreferenced( 10 , BLOCK ) : 3
Xcos trace:   objectUnreferenced( 10 , BLOCK ) : 2
Xcos trace:   objectUnreferenced( 10 , BLOCK ) : 1
 ans = (model mlist) with fields:
  sim = "super"
  in = []
  in2 = []
  intyp = 1
  out = []
  out2 = []
  outtyp = 1
  evtin = []
  evtout = []
  state = []
  dstate = []
  odstate: (empty list)
  rpar: (diagram)
  ipar = []
  opar: (empty list)
  blocktype = "h"
  firing = []
  dep_ut = [%f,%f]
  label = "Quat_Conj"
  nzcross = 0
  nmode = 0
  equations: (empty list)
  uid = ""
Super2.model.rpar.objs(1).model.rpar
Xcos trace:   objectReferenced( 9 , BLOCK ) : 1
Xcos trace:   objectReferenced( 9 , BLOCK ) : 2
Xcos trace:   objectUnreferenced( 9 , BLOCK ) : 1
Xcos trace:   objectReferenced( 10 , BLOCK ) : 2
Xcos trace:   objectUnreferenced( 9 , BLOCK ) : 0
Xcos trace:   objectReferenced( 10 , BLOCK ) : 3
Xcos trace:   objectReferenced( 10 , BLOCK ) : 4
Xcos trace:   objectUnreferenced( 10 , BLOCK ) : 3
Xcos trace:   objectUnreferenced( 10 , BLOCK ) : 2
Xcos trace:   objectUnreferenced( 10 , BLOCK ) : 1
 ans = (diagram) with fields:
Xcos trace:   objectReferenced( 10 , BLOCK ) : 2
Xcos trace:   objectUnreferenced( 10 , BLOCK ) : 1
Xcos trace:   objectReferenced( 11 , LINK ) : 1
Xcos trace:   objectUnreferenced( 11 , LINK ) : 0
  props: (params tlist) with fields:
      wpar = [600,450,0,0,600,450]
      title = ["Quat_Conj";""]
      tol = []
      tf = []
      context = []
      void1 = []
      options: (scsopt tlist) with fields:
          3D: (2-elements list)
          Background = [8,1]
          Link = [1,5]
          ID: (2-elements list)
          Cmap = [0.8,0.8,0.8]
      void2 = []
      void3 = []
      doc: (empty list)
  objs: (1-element list)
  version = ""
  contrib: (empty list)
Super2.model.rpar.objs(1).model.rpar.objs(1)
Xcos trace:   objectReferenced( 9 , BLOCK ) : 1
Xcos trace:   objectReferenced( 9 , BLOCK ) : 2
Xcos trace:   objectUnreferenced( 9 , BLOCK ) : 1
Xcos trace:   objectReferenced( 10 , BLOCK ) : 2
Xcos trace:   objectUnreferenced( 9 , BLOCK ) : 0
Xcos trace:   objectReferenced( 10 , BLOCK ) : 3
Xcos trace:   objectReferenced( 10 , BLOCK ) : 4
Xcos trace:   objectUnreferenced( 10 , BLOCK ) : 3
Xcos trace:   objectUnreferenced( 10 , BLOCK ) : 2
Xcos trace:   objectReferenced( 11 , LINK ) : 1
Xcos trace:   objectUnreferenced( 10 , BLOCK ) : 1
Xcos trace:   objectUnreferenced( 10 , BLOCK ) : 0
 ans = (Link) with fields:
  xx = []
  yy = []
  id = ""
  thick = [0,0]
  ct = [1,1]
  from = [2,1,0]
  to = [3,1,1]
assert_checkequal(Super2.model.rpar.objs(1).model.rpar.objs(1).from, [2 1 0]);
Xcos trace:   objectReferenced( 9 , BLOCK ) : 1
Xcos trace:   objectReferenced( 9 , BLOCK ) : 2
Xcos trace:   objectUnreferenced( 9 , BLOCK ) : 1
Xcos trace:   objectReferenced( 10 , BLOCK ) : 1
Xcos trace:   objectUnreferenced( 9 , BLOCK ) : 0
Xcos trace:   objectReferenced( 10 , BLOCK ) : 2
Xcos trace:   objectReferenced( 10 , BLOCK ) : 3
Xcos trace:   objectUnreferenced( 10 , BLOCK ) : 2
Xcos trace:   objectUnreferenced( 10 , BLOCK ) : 1
Xcos trace:   objectReferenced( 11 , LINK ) : 2
Xcos trace:   objectUnreferenced( 10 , BLOCK ) : 0
Xcos trace:   objectUnreferenced( 11 , LINK ) : 1
Xcos trace:   objectUnreferenced( 11 , LINK ) : 0
assert_checkequal(Super2.model.rpar.objs(1).model.rpar.objs(1).to,   [3 1 1]);
Xcos trace:   objectReferenced( 9 , BLOCK ) : 1
Xcos trace:   objectReferenced( 9 , BLOCK ) : 2
Xcos trace:   objectUnreferenced( 9 , BLOCK ) : 1
Xcos trace:   objectReferenced( 10 , BLOCK ) : 1
Xcos trace:   objectUnreferenced( 9 , BLOCK ) : 0
Xcos trace:   objectReferenced( 10 , BLOCK ) : 2
Xcos trace:   objectReferenced( 10 , BLOCK ) : 3
Xcos trace:   objectUnreferenced( 10 , BLOCK ) : 2
Xcos trace:   objectUnreferenced( 10 , BLOCK ) : 1
Xcos trace:   objectReferenced( 11 , LINK ) : 1
Xcos trace:   objectUnreferenced( 10 , BLOCK ) : 0
Xcos trace:   objectUnreferenced( 11 , LINK ) : 0
// Check that all the model items are freed
clear
Xcos trace:   propertyUpdated( 4 , BLOCK , LABEL ) : NO_CHANGES
Xcos trace:   propertyUpdated( 4 , BLOCK , INPUTS ) : NO_CHANGES
Xcos trace:   propertyUpdated( 4 , BLOCK , OUTPUTS ) : NO_CHANGES
Xcos trace:   propertyUpdated( 4 , BLOCK , EVENT_INPUTS ) : NO_CHANGES
Xcos trace:   propertyUpdated( 4 , BLOCK , EVENT_OUTPUTS ) : NO_CHANGES
Xcos debug:   propertyUpdated( 4 , BLOCK , CHILDREN ) : SUCCESS
Xcos trace:   propertyUpdated( 5 , LINK , LABEL ) : NO_CHANGES
Xcos trace:   propertyUpdated( 4 , BLOCK , CHILDREN ) : NO_CHANGES
Xcos info:    objectDeleted( 5 , LINK )
Xcos info:    objectDeleted( 4 , BLOCK )
Xcos trace:   propertyUpdated( 9 , BLOCK , LABEL ) : NO_CHANGES
Xcos trace:   propertyUpdated( 9 , BLOCK , INPUTS ) : NO_CHANGES
Xcos trace:   propertyUpdated( 9 , BLOCK , OUTPUTS ) : NO_CHANGES
Xcos trace:   propertyUpdated( 9 , BLOCK , EVENT_INPUTS ) : NO_CHANGES
Xcos trace:   propertyUpdated( 9 , BLOCK , EVENT_OUTPUTS ) : NO_CHANGES
Xcos debug:   propertyUpdated( 9 , BLOCK , CHILDREN ) : SUCCESS
Xcos trace:   propertyUpdated( 10 , BLOCK , LABEL ) : NO_CHANGES
Xcos trace:   propertyUpdated( 10 , BLOCK , INPUTS ) : NO_CHANGES
Xcos trace:   propertyUpdated( 10 , BLOCK , OUTPUTS ) : NO_CHANGES
Xcos trace:   propertyUpdated( 10 , BLOCK , EVENT_INPUTS ) : NO_CHANGES
Xcos trace:   propertyUpdated( 10 , BLOCK , EVENT_OUTPUTS ) : NO_CHANGES
Xcos debug:   propertyUpdated( 10 , BLOCK , CHILDREN ) : SUCCESS
Xcos trace:   propertyUpdated( 11 , LINK , LABEL ) : NO_CHANGES
Xcos trace:   propertyUpdated( 10 , BLOCK , CHILDREN ) : NO_CHANGES
Xcos info:    objectDeleted( 11 , LINK )
Xcos trace:   propertyUpdated( 9 , BLOCK , CHILDREN ) : NO_CHANGES
Xcos info:    objectDeleted( 10 , BLOCK )
Xcos info:    objectDeleted( 9 , BLOCK )
Xcos debug:   propertyUpdated( 7 , BLOCK , PARENT_DIAGRAM ) : SUCCESS
Xcos debug:   propertyUpdated( 6 , DIAGRAM , CHILDREN ) : SUCCESS
Xcos trace:   propertyUpdated( 7 , BLOCK , LABEL ) : NO_CHANGES
Xcos trace:   propertyUpdated( 7 , BLOCK , INPUTS ) : NO_CHANGES
Xcos trace:   propertyUpdated( 7 , BLOCK , OUTPUTS ) : NO_CHANGES
Xcos trace:   propertyUpdated( 7 , BLOCK , EVENT_INPUTS ) : NO_CHANGES
Xcos trace:   propertyUpdated( 7 , BLOCK , EVENT_OUTPUTS ) : NO_CHANGES
Xcos debug:   propertyUpdated( 7 , BLOCK , CHILDREN ) : SUCCESS
Xcos trace:   propertyUpdated( 8 , LINK , LABEL ) : NO_CHANGES
Xcos trace:   propertyUpdated( 7 , BLOCK , CHILDREN ) : NO_CHANGES
Xcos info:    objectDeleted( 8 , LINK )
Xcos info:    objectDeleted( 7 , BLOCK )
Xcos info:    objectDeleted( 6 , DIAGRAM )
Xcos trace:   propertyUpdated( 1 , LINK , LABEL ) : NO_CHANGES
Xcos info:    objectDeleted( 1 , LINK )
Xcos debug:   propertyUpdated( 3 , LINK , PARENT_DIAGRAM ) : SUCCESS
Xcos debug:   propertyUpdated( 2 , DIAGRAM , CHILDREN ) : SUCCESS
Xcos trace:   propertyUpdated( 3 , LINK , LABEL ) : NO_CHANGES
Xcos info:    objectDeleted( 3 , LINK )
Xcos info:    objectDeleted( 2 , DIAGRAM )
