// =============================================================================
// Scilab ( https://www.scilab.org/ ) - This file is part of Scilab
// Copyright (C) 2024 - Dassault Systèmes S.E. - Cédric Delamarre
//
//  This file is distributed under the same license as the Scilab package.
// =============================================================================
//
// <-- Non-regression test for bug 14265 -->
//
// <-- GitLab URL -->
// https://gitlab.com/scilab/scilab/-/issues/14265
//
// <-- Short Description -->
// Display properties instead of the function
// when inserting in gcf()
gcf().info_message = "Non-regression test for bug 14265."
 gcf = [Figure] with properties:
  children: [Axes]
  figure_position = [200,200]
  figure_size = [610,544]
  axes_size = [610,443]
  auto_resize = "on"
  viewport = [0,0]
  figure_name = "Graphic window number %d"
  figure_id = 0
  info_message = "Non-regression test for bug 14265."
  color_map: [32x3 double]
  pixel_drawing_mode = "copy"
  anti_aliasing = "8x"
  immediate_drawing = "on"
  background = -2
  visible = "on"
  rotation_style = "unary"
  event_handler = ""
  event_handler_enable = "off"
  user_data = []
  resizefcn = ""
  closerequestfcn = ""
  resize = "on"
  toolbar = "figure"
  toolbar_visible = "on"
  menubar = "figure"
  menubar_visible = "on"
  infobar_visible = "on"
  dockable = "on"
  layout = "none"
  layout_options: (OptNoLayout tlist)
  default_axes = "on"
  icon = ""
  tag = ""
figure().info_message = "Non-regression test for bug 14265."
 figure = [Figure] with properties:
  children: [Axes]
  figure_position = [200,200]
  figure_size = [610,561]
  axes_size = [610,460]
  auto_resize = "on"
  viewport = [0,0]
  figure_name = "Graphic window number %d"
  figure_id = 1
  info_message = "Non-regression test for bug 14265."
  color_map: [33x3 double]
  pixel_drawing_mode = "copy"
  anti_aliasing = "8x"
  immediate_drawing = "on"
  background = 33
  visible = "on"
  rotation_style = "unary"
  event_handler = ""
  event_handler_enable = "off"
  user_data = []
  resizefcn = ""
  closerequestfcn = ""
  resize = "on"
  toolbar = "figure"
  toolbar_visible = "on"
  menubar = "figure"
  menubar_visible = "on"
  infobar_visible = "on"
  dockable = "on"
  layout = "none"
  layout_options: (OptNoLayout tlist)
  default_axes = "on"
  icon = ""
  tag = ""
