// =============================================================================
// Scilab ( https://www.scilab.org/ ) - This file is part of Scilab
// Copyright (C) 2019 - Samuel GOUGEON
//
//  This file is distributed under the same license as the Scilab package.
// =============================================================================
//
// <-- CLI SHELL MODE -->
// <-- ENGLISH IMPOSED -->
//
// <-- Non-regression test for bug 16158 -->
//
// <-- GitLab URL -->
// https://gitlab.com/scilab/scilab/-/issues/16158
//
// <-- Short Description -->
// When a multicolumn array of rationals was displayed column per column,
// columns #2:$ were replaced with its column #2
p = poly(ones(1,15),"x","coeff");
R = [1 2 3] ./ p
 R = [1x3 rational] of x
 
         column 1
 
                                    1                                    
   --------------------------------------------------------------------  
   1 +x +x^2 +x^3 +x^4 +x^5 +x^6 +x^7 +x^8 +x^9 +x^10 +x^11 +x^12 +x^13  
    +x^14                                                                
 
         column 2
 
                                    2                                    
   --------------------------------------------------------------------  
   1 +x +x^2 +x^3 +x^4 +x^5 +x^6 +x^7 +x^8 +x^9 +x^10 +x^11 +x^12 +x^13  
    +x^14                                                                
 
         column 3
 
                                    3                                    
   --------------------------------------------------------------------  
   1 +x +x^2 +x^3 +x^4 +x^5 +x^6 +x^7 +x^8 +x^9 +x^10 +x^11 +x^12 +x^13  
    +x^14                                                                
R = [1;1]*[1 2 3] ./ p
 R = [2x3 rational] of x
 
         column 1
 
                                    1                                    
   --------------------------------------------------------------------  
   1 +x +x^2 +x^3 +x^4 +x^5 +x^6 +x^7 +x^8 +x^9 +x^10 +x^11 +x^12 +x^13  
    +x^14                                                                
                                    1                                    
   --------------------------------------------------------------------  
   1 +x +x^2 +x^3 +x^4 +x^5 +x^6 +x^7 +x^8 +x^9 +x^10 +x^11 +x^12 +x^13  
    +x^14                                                                
 
         column 2
 
                                    2                                    
   --------------------------------------------------------------------  
   1 +x +x^2 +x^3 +x^4 +x^5 +x^6 +x^7 +x^8 +x^9 +x^10 +x^11 +x^12 +x^13  
    +x^14                                                                
                                    2                                    
   --------------------------------------------------------------------  
   1 +x +x^2 +x^3 +x^4 +x^5 +x^6 +x^7 +x^8 +x^9 +x^10 +x^11 +x^12 +x^13  
    +x^14                                                                
 
         column 3
 
                                    3                                    
   --------------------------------------------------------------------  
   1 +x +x^2 +x^3 +x^4 +x^5 +x^6 +x^7 +x^8 +x^9 +x^10 +x^11 +x^12 +x^13  
    +x^14                                                                
                                    3                                    
   --------------------------------------------------------------------  
   1 +x +x^2 +x^3 +x^4 +x^5 +x^6 +x^7 +x^8 +x^9 +x^10 +x^11 +x^12 +x^13  
    +x^14                                                                
p = poly(ones(1,7),"x","coeff");
R = [1 2 3] ./ p
 R = [1x3 rational] of x
 
         columns 1 to 2
 
                 1                              2                
   -----------------------------  -----------------------------  
   1 +x +x^2 +x^3 +x^4 +x^5 +x^6  1 +x +x^2 +x^3 +x^4 +x^5 +x^6  
 
         column 3
 
                 3                
   -----------------------------  
   1 +x +x^2 +x^3 +x^4 +x^5 +x^6  
R = [1;1]*[1 2 3] ./ p
 R = [2x3 rational] of x
 
         columns 1 to 2
 
                 1                              2                
   -----------------------------  -----------------------------  
   1 +x +x^2 +x^3 +x^4 +x^5 +x^6  1 +x +x^2 +x^3 +x^4 +x^5 +x^6  
                 1                              2                
   -----------------------------  -----------------------------  
   1 +x +x^2 +x^3 +x^4 +x^5 +x^6  1 +x +x^2 +x^3 +x^4 +x^5 +x^6  
 
         column 3
 
                 3                
   -----------------------------  
   1 +x +x^2 +x^3 +x^4 +x^5 +x^6  
                 3                
   -----------------------------  
   1 +x +x^2 +x^3 +x^4 +x^5 +x^6  
